Привет, прекрасный мир!